> Task :app:checkKotlinGradlePluginConfigurationErrors SKIPPED
> Task :app:preBuild UP-TO-DATE
> Task :app:preDebugBuild UP-TO-DATE
> Task :app:generateDebugBuildConfig UP-TO-DATE
> Task :app:checkDebugAarMetadata UP-TO-DATE
> Task :app:generateDebugResValues UP-TO-DATE
> Task :app:processDebugGoogleServices UP-TO-DATE
> Task :app:mapDebugSourceSetPaths UP-TO-DATE
> Task :app:generateDebugResources UP-TO-DATE
> Task :app:mergeDebugResources UP-TO-DATE
> Task :app:packageDebugResources UP-TO-DATE
> Task :app:parseDebugLocalResources UP-TO-DATE
> Task :app:createDebugCompatibleScreenManifests UP-TO-DATE
> Task :app:extractDeepLinksDebug UP-TO-DATE
> Task :app:processDebugMainManifest UP-TO-DATE
> Task :app:processDebugManifest UP-TO-DATE
> Task :app:processDebugManifestForPackage UP-TO-DATE
> Task :app:processDebugResources UP-TO-DATE

> Task :app:compileDebugKotlin FAILED
e: file:///C:/Users/user/Downloads/Projects/Fleetonix/Fleetonix_Android_App/Fleetonix/app/src/main/java/com/prototype/fleetonix/AccidentReportDialog.kt:27:1 Conflicting overloads:
fun AccidentReportDialog(onDismiss: () -> Unit, onReport: () -> Unit, isReporting: Boolean): Unit
e: file:///C:/Users/user/Downloads/Projects/Fleetonix/Fleetonix_Android_App/Fleetonix/app/src/main/java/com/prototype/fleetonix/DriverDashboard.kt:1127:37 Unresolved reference 'issueType'.
e: file:///C:/Users/user/Downloads/Projects/Fleetonix/Fleetonix_Android_App/Fleetonix/app/src/main/java/com/prototype/fleetonix/DriverDashboard.kt:1128:38 Unresolved reference 'issueDescription'.
e: file:///C:/Users/user/Downloads/Projects/Fleetonix/Fleetonix_Android_App/Fleetonix/app/src/main/java/com/prototype/fleetonix/DriverDashboard.kt:2559:13 Overload resolution ambiguity between candidates:
fun AccidentReportDialog(onDismiss: () -> Unit, onReport: () -> Unit, isReporting: Boolean = ...): Unit
fun AccidentReportDialog(onDismiss: () -> Unit, onReport: () -> Unit, isReporting: Boolean): Unit
e: file:///C:/Users/user/Downloads/Projects/Fleetonix/Fleetonix_Android_App/Fleetonix/app/src/main/java/com/prototype/fleetonix/DriverDashboard.kt:2658:1 Conflicting overloads:
fun AccidentReportDialog(onDismiss: () -> Unit, onReport: () -> Unit, isReporting: Boolean = ...): Unit

FAILURE: Build failed with an exception.

* What went wrong:
Execution failed for task ':app:compileDebugKotlin'.
> A failure occurred while executing org.jetbrains.kotlin.compilerRunner.GradleCompilerRunnerWithWorkers$GradleKotlinCompilerWorkAction
   > Compilation error. See log for more details

* Try:
> Run with --stacktrace option to get the stack trace.
> Run with --info or --debug option to get more log output.
> Run with --scan to get full insights.
> Get more help at https://help.gradle.org.

BUILD FAILED in 5s
16 actionable tasks: 1 executed, 15 up-to-date
